Read 1:  1011  1012  1013  1014  1015
Read 2:  1751  1752  1753  1754  1755
